MO half_adder NULL half_adder.v vlg5A/half__adder.bin 1600529328
MO one_bit_comp NULL one_bit_comp.v vlg46/one__bit__comp.bin 1600529328
MO mohasebe_mantegh NULL mohasebe_mantegh.v vlg53/mohasebe__mantegh.bin 1600529328
MO eight_bit_comp NULL eight_bit_comp.v vlg75/eight__bit__comp.bin 1600529328
MO full_adder NULL full_adder.v vlg5A/full__adder.bin 1600529328
MO control NULL control.v vlg61/control.bin 1600529328
MO add_sub NULL add_sub.v vlg0A/add__sub.bin 1600529328
